Flow report for SoCKit_top
Mon May 12 23:12:43 2014
Quartus II 32-bit Version 13.1.1 Build 166 11/26/2013 SJ Full Version


---------------------
; Table of Contents ;
---------------------
  1. Legal Notice
  2. Flow Summary
  3. Flow Settings
  4. Flow Non-Default Global Settings
  5. Flow Elapsed Time
  6. Flow OS Summary
  7. Flow Log
  8. Flow Messages
  9. Flow Suppressed Messages



----------------
; Legal Notice ;
----------------
Copyright (C) 1991-2013 Altera Corporation
Your use of Altera Corporation's design tools, logic functions 
and other software and tools, and its AMPP partner logic 
functions, and any output files from any of the foregoing 
(including device programming or simulation files), and any 
associated documentation or information are expressly subject 
to the terms and conditions of the Altera Program License 
Subscription Agreement, Altera MegaCore Function License 
Agreement, or other applicable license agreement, including, 
without limitation, that your use is for the sole purpose of 
programming logic devices manufactured by Altera and sold by 
Altera or its authorized distributors.  Please refer to the 
applicable agreement for further details.



+-------------------------------------------------------------------------------+
; Flow Summary                                                                  ;
+---------------------------------+---------------------------------------------+
; Flow Status                     ; Successful - Mon May 12 23:12:43 2014       ;
; Quartus II 32-bit Version       ; 13.1.1 Build 166 11/26/2013 SJ Full Version ;
; Revision Name                   ; SoCKit_top                                  ;
; Top-level Entity Name           ; SoCKit_top                                  ;
; Family                          ; Cyclone V                                   ;
; Device                          ; 5CSXFC6D6F31C8ES                            ;
; Timing Models                   ; Preliminary                                 ;
; Logic utilization (in ALMs)     ; 22,120 / 41,910 ( 53 % )                    ;
; Total registers                 ; 28050                                       ;
; Total pins                      ; 289 / 499 ( 58 % )                          ;
; Total virtual pins              ; 0                                           ;
; Total block memory bits         ; 2,665 / 5,662,720 ( < 1 % )                 ;
; Total DSP Blocks                ; 59 / 112 ( 53 % )                           ;
; Total HSSI RX PCSs              ; 0 / 9 ( 0 % )                               ;
; Total HSSI PMA RX Deserializers ; 0 / 9 ( 0 % )                               ;
; Total HSSI TX PCSs              ; 0 / 9 ( 0 % )                               ;
; Total HSSI TX Channels          ; 0 / 9 ( 0 % )                               ;
; Total PLLs                      ; 1 / 15 ( 7 % )                              ;
; Total DLLs                      ; 1 / 4 ( 25 % )                              ;
+---------------------------------+---------------------------------------------+


+-----------------------------------------+
; Flow Settings                           ;
+-------------------+---------------------+
; Option            ; Setting             ;
+-------------------+---------------------+
; Start date & time ; 05/12/2014 21:58:49 ;
; Main task         ; Compilation         ;
; Revision Name     ; SoCKit_top          ;
+-------------------+---------------------+


+----------------------------------------------------------------------------------------------------------------------------------------------------------------------------------------------------------+
; Flow Non-Default Global Settings                                                                                                                                                                         ;
+--------------------------------------------+----------------------------------------------------------------------------+---------------+-----------------------------------------------+----------------+
; Assignment Name                            ; Value                                                                      ; Default Value ; Entity Name                                   ; Section Id     ;
+--------------------------------------------+----------------------------------------------------------------------------+---------------+-----------------------------------------------+----------------+
; COMPILER_SIGNATURE_ID                      ; 206915886283172.139994632805146                                            ; --            ; --                                            ; --             ;
; ECO_REGENERATE_REPORT                      ; On                                                                         ; Off           ; --                                            ; --             ;
; EDA_OUTPUT_DATA_FORMAT                     ; Vhdl                                                                       ; --            ; --                                            ; eda_simulation ;
; EDA_SIMULATION_TOOL                        ; ModelSim-Altera (VHDL)                                                     ; <None>        ; --                                            ; --             ;
; FITTER_AGGRESSIVE_ROUTABILITY_OPTIMIZATION ; Always                                                                     ; Automatically ; --                                            ; --             ;
; FITTER_EFFORT                              ; Standard Fit                                                               ; Auto Fit      ; --                                            ; --             ;
; FLOW_ENABLE_IO_ASSIGNMENT_ANALYSIS         ; On                                                                         ; Off           ; --                                            ; --             ;
; HPS_ISW_FILE                               ; ik_swift_hps/synthesis/submodules/sequencer/tclrpt.pre.h                   ; --            ; ik_swift_hps_hps_0_hps_io_border              ; --             ;
; HPS_ISW_FILE                               ; ik_swift_hps/synthesis/submodules/sequencer/sequencer.pre.c                ; --            ; ik_swift_hps_hps_0_hps_io_border              ; --             ;
; HPS_ISW_FILE                               ; ik_swift_hps/synthesis/submodules/sequencer/sdram_io.pre.h                 ; --            ; ik_swift_hps_hps_0_hps_io_border              ; --             ;
; HPS_ISW_FILE                               ; ik_swift_hps/synthesis/submodules/sequencer/tclrpt.pre.c                   ; --            ; ik_swift_hps_hps_0_hps_io_border              ; --             ;
; HPS_ISW_FILE                               ; ik_swift_hps/synthesis/submodules/sequencer/system.pre.h                   ; --            ; ik_swift_hps_hps_0_hps_io_border              ; --             ;
; HPS_ISW_FILE                               ; ik_swift_hps/synthesis/submodules/sequencer/sequencer_auto_ac_init.pre.c   ; --            ; ik_swift_hps_hps_0_hps_io_border              ; --             ;
; HPS_ISW_FILE                               ; ik_swift_hps/synthesis/submodules/sequencer/sequencer_defines.pre.h        ; --            ; ik_swift_hps_hps_0_hps_io_border              ; --             ;
; HPS_ISW_FILE                               ; ik_swift_hps/synthesis/submodules/sequencer/alt_types.pre.h                ; --            ; ik_swift_hps_hps_0_hps_io_border              ; --             ;
; HPS_ISW_FILE                               ; ik_swift_hps/synthesis/submodules/sequencer/sequencer_auto_inst_init.pre.c ; --            ; ik_swift_hps_hps_0_hps_io_border              ; --             ;
; HPS_ISW_FILE                               ; ik_swift_hps/synthesis/submodules/sequencer/emif.pre.xml                   ; --            ; ik_swift_hps_hps_0_hps_io_border              ; --             ;
; HPS_ISW_FILE                               ; ik_swift_hps/synthesis/submodules/sequencer/sequencer.pre.h                ; --            ; ik_swift_hps_hps_0_hps_io_border              ; --             ;
; HPS_ISW_FILE                               ; ik_swift_hps/synthesis/submodules/sequencer/sequencer_auto.pre.h           ; --            ; ik_swift_hps_hps_0_hps_io_border              ; --             ;
; HPS_ISW_FILE                               ; ik_swift_hps/synthesis/submodules/hps.pre.xml                              ; --            ; ik_swift_hps_hps_0_hps_io_border              ; --             ;
; HPS_PARTITION                              ; On                                                                         ; --            ; ik_swift_hps_hps_0_hps_io_border              ; --             ;
; IP_TOOL_ENV                                ; Qsys                                                                       ; --            ; altera_avalon_packets_to_master               ; --             ;
; IP_TOOL_ENV                                ; Qsys                                                                       ; --            ; altera_avalon_sc_fifo                         ; --             ;
; IP_TOOL_ENV                                ; Qsys                                                                       ; --            ; altera_avalon_st_bytes_to_packets             ; --             ;
; IP_TOOL_ENV                                ; Qsys                                                                       ; --            ; altera_avalon_st_jtag_interface               ; --             ;
; IP_TOOL_ENV                                ; Qsys                                                                       ; --            ; altera_avalon_st_packets_to_bytes             ; --             ;
; IP_TOOL_ENV                                ; Qsys                                                                       ; --            ; altera_merlin_axi_master_ni                   ; --             ;
; IP_TOOL_ENV                                ; Qsys                                                                       ; --            ; altera_merlin_burst_adapter                   ; --             ;
; IP_TOOL_ENV                                ; Qsys                                                                       ; --            ; altera_merlin_master_agent                    ; --             ;
; IP_TOOL_ENV                                ; Qsys                                                                       ; --            ; altera_merlin_master_translator               ; --             ;
; IP_TOOL_ENV                                ; Qsys                                                                       ; --            ; altera_merlin_slave_agent                     ; --             ;
; IP_TOOL_ENV                                ; Qsys                                                                       ; --            ; altera_merlin_slave_translator                ; --             ;
; IP_TOOL_ENV                                ; Qsys                                                                       ; --            ; altera_reset_controller                       ; --             ;
; IP_TOOL_ENV                                ; Qsys                                                                       ; --            ; ik_swift_hps                                  ; --             ;
; IP_TOOL_ENV                                ; Qsys                                                                       ; --            ; ik_swift_hps_hps_0                            ; --             ;
; IP_TOOL_ENV                                ; Qsys                                                                       ; --            ; ik_swift_hps_hps_0_hps_io                     ; --             ;
; IP_TOOL_ENV                                ; Qsys                                                                       ; --            ; ik_swift_hps_master_0                         ; --             ;
; IP_TOOL_ENV                                ; Qsys                                                                       ; --            ; ik_swift_hps_master_0_b2p_adapter             ; --             ;
; IP_TOOL_ENV                                ; Qsys                                                                       ; --            ; ik_swift_hps_master_0_p2b_adapter             ; --             ;
; IP_TOOL_ENV                                ; Qsys                                                                       ; --            ; ik_swift_hps_master_0_timing_adt              ; --             ;
; IP_TOOL_ENV                                ; Qsys                                                                       ; --            ; ik_swift_hps_mm_interconnect_0                ; --             ;
; IP_TOOL_ENV                                ; Qsys                                                                       ; --            ; ik_swift_hps_mm_interconnect_0_addr_router    ; --             ;
; IP_TOOL_ENV                                ; Qsys                                                                       ; --            ; ik_swift_hps_mm_interconnect_0_cmd_xbar_demux ; --             ;
; IP_TOOL_ENV                                ; Qsys                                                                       ; --            ; ik_swift_hps_mm_interconnect_0_cmd_xbar_mux   ; --             ;
; IP_TOOL_ENV                                ; Qsys                                                                       ; --            ; ik_swift_hps_mm_interconnect_0_id_router      ; --             ;
; IP_TOOL_ENV                                ; Qsys                                                                       ; --            ; ik_swift_hps_mm_interconnect_0_rsp_xbar_demux ; --             ;
; IP_TOOL_ENV                                ; Qsys                                                                       ; --            ; ik_swift_hps_mm_interconnect_0_rsp_xbar_mux   ; --             ;
; IP_TOOL_ENV                                ; Qsys                                                                       ; --            ; ik_swift_hps_pll_0                            ; --             ;
; IP_TOOL_NAME                               ; altera_avalon_packets_to_master                                            ; --            ; altera_avalon_packets_to_master               ; --             ;
; IP_TOOL_NAME                               ; altera_avalon_sc_fifo                                                      ; --            ; altera_avalon_sc_fifo                         ; --             ;
; IP_TOOL_NAME                               ; altera_avalon_st_bytes_to_packets                                          ; --            ; altera_avalon_st_bytes_to_packets             ; --             ;
; IP_TOOL_NAME                               ; altera_jtag_dc_streaming                                                   ; --            ; altera_avalon_st_jtag_interface               ; --             ;
; IP_TOOL_NAME                               ; altera_avalon_st_packets_to_bytes                                          ; --            ; altera_avalon_st_packets_to_bytes             ; --             ;
; IP_TOOL_NAME                               ; altera_merlin_axi_master_ni                                                ; --            ; altera_merlin_axi_master_ni                   ; --             ;
; IP_TOOL_NAME                               ; altera_merlin_burst_adapter                                                ; --            ; altera_merlin_burst_adapter                   ; --             ;
; IP_TOOL_NAME                               ; altera_merlin_master_agent                                                 ; --            ; altera_merlin_master_agent                    ; --             ;
; IP_TOOL_NAME                               ; altera_merlin_master_translator                                            ; --            ; altera_merlin_master_translator               ; --             ;
; IP_TOOL_NAME                               ; altera_merlin_slave_agent                                                  ; --            ; altera_merlin_slave_agent                     ; --             ;
; IP_TOOL_NAME                               ; altera_merlin_slave_translator                                             ; --            ; altera_merlin_slave_translator                ; --             ;
; IP_TOOL_NAME                               ; altera_reset_controller                                                    ; --            ; altera_reset_controller                       ; --             ;
; IP_TOOL_NAME                               ; Qsys                                                                       ; --            ; ik_swift_hps                                  ; --             ;
; IP_TOOL_NAME                               ; altera_hps                                                                 ; --            ; ik_swift_hps_hps_0                            ; --             ;
; IP_TOOL_NAME                               ; altera_hps_io                                                              ; --            ; ik_swift_hps_hps_0_hps_io                     ; --             ;
; IP_TOOL_NAME                               ; altera_jtag_avalon_master                                                  ; --            ; ik_swift_hps_master_0                         ; --             ;
; IP_TOOL_NAME                               ; channel_adapter                                                            ; --            ; ik_swift_hps_master_0_b2p_adapter             ; --             ;
; IP_TOOL_NAME                               ; channel_adapter                                                            ; --            ; ik_swift_hps_master_0_p2b_adapter             ; --             ;
; IP_TOOL_NAME                               ; timing_adapter                                                             ; --            ; ik_swift_hps_master_0_timing_adt              ; --             ;
; IP_TOOL_NAME                               ; altera_merlin_interconnect_wrapper                                         ; --            ; ik_swift_hps_mm_interconnect_0                ; --             ;
; IP_TOOL_NAME                               ; altera_merlin_router                                                       ; --            ; ik_swift_hps_mm_interconnect_0_addr_router    ; --             ;
; IP_TOOL_NAME                               ; altera_merlin_demultiplexer                                                ; --            ; ik_swift_hps_mm_interconnect_0_cmd_xbar_demux ; --             ;
; IP_TOOL_NAME                               ; altera_merlin_multiplexer                                                  ; --            ; ik_swift_hps_mm_interconnect_0_cmd_xbar_mux   ; --             ;
; IP_TOOL_NAME                               ; altera_merlin_router                                                       ; --            ; ik_swift_hps_mm_interconnect_0_id_router      ; --             ;
; IP_TOOL_NAME                               ; altera_merlin_demultiplexer                                                ; --            ; ik_swift_hps_mm_interconnect_0_rsp_xbar_demux ; --             ;
; IP_TOOL_NAME                               ; altera_merlin_multiplexer                                                  ; --            ; ik_swift_hps_mm_interconnect_0_rsp_xbar_mux   ; --             ;
; IP_TOOL_NAME                               ; altera_pll                                                                 ; --            ; ik_swift_hps_pll_0                            ; --             ;
; IP_TOOL_VERSION                            ; 13.1                                                                       ; --            ; altera_avalon_packets_to_master               ; --             ;
; IP_TOOL_VERSION                            ; 13.1                                                                       ; --            ; altera_avalon_sc_fifo                         ; --             ;
; IP_TOOL_VERSION                            ; 13.1                                                                       ; --            ; altera_avalon_st_bytes_to_packets             ; --             ;
; IP_TOOL_VERSION                            ; 13.1                                                                       ; --            ; altera_avalon_st_jtag_interface               ; --             ;
; IP_TOOL_VERSION                            ; 13.1                                                                       ; --            ; altera_avalon_st_packets_to_bytes             ; --             ;
; IP_TOOL_VERSION                            ; 13.1                                                                       ; --            ; altera_merlin_axi_master_ni                   ; --             ;
; IP_TOOL_VERSION                            ; 13.1                                                                       ; --            ; altera_merlin_burst_adapter                   ; --             ;
; IP_TOOL_VERSION                            ; 13.1                                                                       ; --            ; altera_merlin_master_agent                    ; --             ;
; IP_TOOL_VERSION                            ; 13.1                                                                       ; --            ; altera_merlin_master_translator               ; --             ;
; IP_TOOL_VERSION                            ; 13.1                                                                       ; --            ; altera_merlin_slave_agent                     ; --             ;
; IP_TOOL_VERSION                            ; 13.1                                                                       ; --            ; altera_merlin_slave_translator                ; --             ;
; IP_TOOL_VERSION                            ; 13.1                                                                       ; --            ; altera_reset_controller                       ; --             ;
; IP_TOOL_VERSION                            ; 13.1.1                                                                     ; --            ; ik_swift_hps                                  ; --             ;
; IP_TOOL_VERSION                            ; 13.1.1                                                                     ; --            ; ik_swift_hps_hps_0                            ; --             ;
; IP_TOOL_VERSION                            ; 13.1.1                                                                     ; --            ; ik_swift_hps_hps_0_hps_io                     ; --             ;
; IP_TOOL_VERSION                            ; 13.1                                                                       ; --            ; ik_swift_hps_master_0                         ; --             ;
; IP_TOOL_VERSION                            ; 13.1                                                                       ; --            ; ik_swift_hps_master_0_b2p_adapter             ; --             ;
; IP_TOOL_VERSION                            ; 13.1                                                                       ; --            ; ik_swift_hps_master_0_p2b_adapter             ; --             ;
; IP_TOOL_VERSION                            ; 13.1                                                                       ; --            ; ik_swift_hps_master_0_timing_adt              ; --             ;
; IP_TOOL_VERSION                            ; 13.1                                                                       ; --            ; ik_swift_hps_mm_interconnect_0                ; --             ;
; IP_TOOL_VERSION                            ; 13.1                                                                       ; --            ; ik_swift_hps_mm_interconnect_0_addr_router    ; --             ;
; IP_TOOL_VERSION                            ; 13.1                                                                       ; --            ; ik_swift_hps_mm_interconnect_0_cmd_xbar_demux ; --             ;
; IP_TOOL_VERSION                            ; 13.1                                                                       ; --            ; ik_swift_hps_mm_interconnect_0_cmd_xbar_mux   ; --             ;
; IP_TOOL_VERSION                            ; 13.1                                                                       ; --            ; ik_swift_hps_mm_interconnect_0_id_router      ; --             ;
; IP_TOOL_VERSION                            ; 13.1                                                                       ; --            ; ik_swift_hps_mm_interconnect_0_rsp_xbar_demux ; --             ;
; IP_TOOL_VERSION                            ; 13.1                                                                       ; --            ; ik_swift_hps_mm_interconnect_0_rsp_xbar_mux   ; --             ;
; IP_TOOL_VERSION                            ; 13.1                                                                       ; --            ; ik_swift_hps_pll_0                            ; --             ;
; MAX_CORE_JUNCTION_TEMP                     ; 85                                                                         ; --            ; --                                            ; --             ;
; MIN_CORE_JUNCTION_TEMP                     ; 0                                                                          ; --            ; --                                            ; --             ;
; MISC_FILE                                  ; ik_swift_hps/synthesis/../../ik_swift_hps.cmp                              ; --            ; --                                            ; --             ;
; MISC_FILE                                  ; ik_swift_hps/synthesis/ik_swift_hps_hps_0_hps.svd                          ; --            ; --                                            ; --             ;
; MISC_FILE                                  ; ik_swift_hps/synthesis/../../ik_swift_hps.qsys                             ; --            ; --                                            ; --             ;
; MISC_FILE                                  ; ik_swift_hps/synthesis/submodules/sequencer/tclrpt.pre.h                   ; --            ; --                                            ; --             ;
; MISC_FILE                                  ; ik_swift_hps/synthesis/submodules/sequencer/sequencer.pre.c                ; --            ; --                                            ; --             ;
; MISC_FILE                                  ; ik_swift_hps/synthesis/submodules/sequencer/sdram_io.pre.h                 ; --            ; --                                            ; --             ;
; MISC_FILE                                  ; ik_swift_hps/synthesis/submodules/sequencer/tclrpt.pre.c                   ; --            ; --                                            ; --             ;
; MISC_FILE                                  ; ik_swift_hps/synthesis/submodules/sequencer/system.pre.h                   ; --            ; --                                            ; --             ;
; MISC_FILE                                  ; ik_swift_hps/synthesis/submodules/sequencer/sequencer_auto_ac_init.pre.c   ; --            ; --                                            ; --             ;
; MISC_FILE                                  ; ik_swift_hps/synthesis/submodules/sequencer/sequencer_defines.pre.h        ; --            ; --                                            ; --             ;
; MISC_FILE                                  ; ik_swift_hps/synthesis/submodules/sequencer/alt_types.pre.h                ; --            ; --                                            ; --             ;
; MISC_FILE                                  ; ik_swift_hps/synthesis/submodules/sequencer/sequencer_auto_inst_init.pre.c ; --            ; --                                            ; --             ;
; MISC_FILE                                  ; ik_swift_hps/synthesis/submodules/sequencer/emif.pre.xml                   ; --            ; --                                            ; --             ;
; MISC_FILE                                  ; ik_swift_hps/synthesis/submodules/sequencer/sequencer.pre.h                ; --            ; --                                            ; --             ;
; MISC_FILE                                  ; ik_swift_hps/synthesis/submodules/sequencer/sequencer_auto.pre.h           ; --            ; --                                            ; --             ;
; MISC_FILE                                  ; ik_swift_hps/synthesis/submodules/hps.pre.xml                              ; --            ; --                                            ; --             ;
; PARTITION_COLOR                            ; 16764057                                                                   ; --            ; --                                            ; Top            ;
; PARTITION_FITTER_PRESERVATION_LEVEL        ; PLACEMENT_AND_ROUTING                                                      ; --            ; --                                            ; Top            ;
; PARTITION_NETLIST_TYPE                     ; SOURCE                                                                     ; --            ; --                                            ; Top            ;
; PHYSICAL_SYNTHESIS_EFFORT                  ; Fast                                                                       ; Normal        ; --                                            ; --             ;
; POWER_BOARD_THERMAL_MODEL                  ; None (CONSERVATIVE)                                                        ; --            ; --                                            ; --             ;
; POWER_PRESET_COOLING_SOLUTION              ; 23 MM HEAT SINK WITH 200 LFPM AIRFLOW                                      ; --            ; --                                            ; --             ;
; PROJECT_OUTPUT_DIRECTORY                   ; output_files                                                               ; --            ; --                                            ; --             ;
; ROUTER_CLOCKING_TOPOLOGY_ANALYSIS          ; On                                                                         ; Off           ; --                                            ; --             ;
; SLD_FILE                                   ; ik_swift_hps/synthesis/ik_swift_hps.regmap                                 ; --            ; --                                            ; --             ;
; SLD_FILE                                   ; ik_swift_hps/synthesis/ik_swift_hps.debuginfo                              ; --            ; --                                            ; --             ;
; SLD_INFO                                   ; QSYS_NAME ik_swift_hps HAS_SOPCINFO 1 GENERATION_ID 1399946174             ; --            ; ik_swift_hps                                  ; --             ;
; SOPCINFO_FILE                              ; ik_swift_hps/synthesis/../../ik_swift_hps.sopcinfo                         ; --            ; --                                            ; --             ;
; SYNTHESIS_ONLY_QIP                         ; On                                                                         ; --            ; --                                            ; --             ;
; SYNTH_MESSAGE_LEVEL                        ; High                                                                       ; Medium        ; --                                            ; --             ;
; USE_DLL_FREQUENCY_FOR_DQS_DELAY_CHAIN      ; On                                                                         ; Off           ; --                                            ; --             ;
+--------------------------------------------+----------------------------------------------------------------------------+---------------+-----------------------------------------------+----------------+


+-------------------------------------------------------------------------------------------------------------------------------+
; Flow Elapsed Time                                                                                                             ;
+---------------------------+--------------+-------------------------+---------------------+------------------------------------+
; Module Name               ; Elapsed Time ; Average Processors Used ; Peak Virtual Memory ; Total CPU Time (on all processors) ;
+---------------------------+--------------+-------------------------+---------------------+------------------------------------+
; Analysis & Synthesis      ; 00:04:27     ; 1.3                     ; 1198 MB             ; 00:05:22                           ;
; I/O Assignment Analysis   ; 00:02:35     ; 1.0                     ; 824 MB              ; 00:02:34                           ;
; Fitter                    ; 00:56:15     ; 1.8                     ; 2047 MB             ; 01:29:27                           ;
; Assembler                 ; 00:01:06     ; 1.0                     ; 737 MB              ; 00:01:04                           ;
; TimeQuest Timing Analyzer ; 00:06:18     ; 1.7                     ; 1778 MB             ; 00:09:40                           ;
; EDA Netlist Writer        ; 00:00:12     ; 1.0                     ; 728 MB              ; 00:00:12                           ;
; Total                     ; 01:10:53     ; --                      ; --                  ; 01:48:19                           ;
+---------------------------+--------------+-------------------------+---------------------+------------------------------------+


+---------------------------------------------------------------------------------------------+
; Flow OS Summary                                                                             ;
+---------------------------+------------------+----------------+------------+----------------+
; Module Name               ; Machine Hostname ; OS Name        ; OS Version ; Processor type ;
+---------------------------+------------------+----------------+------------+----------------+
; Analysis & Synthesis      ; micro2           ; CentOS release ; 5          ; x86_64         ;
; I/O Assignment Analysis   ; micro2           ; CentOS release ; 5          ; x86_64         ;
; Fitter                    ; micro2           ; CentOS release ; 5          ; x86_64         ;
; Assembler                 ; micro2           ; CentOS release ; 5          ; x86_64         ;
; TimeQuest Timing Analyzer ; micro2           ; CentOS release ; 5          ; x86_64         ;
; EDA Netlist Writer        ; micro2           ; CentOS release ; 5          ; x86_64         ;
+---------------------------+------------------+----------------+------------+----------------+


------------
; Flow Log ;
------------
quartus_map --read_settings_files=on --write_settings_files=off ik_swift_interface -c SoCKit_top
quartus_fit --read_settings_files=off --write_settings_files=off ik_swift_interface -c SoCKit_top --check_ios
quartus_fit --read_settings_files=off --write_settings_files=off ik_swift_interface -c SoCKit_top
quartus_asm --read_settings_files=off --write_settings_files=off ik_swift_interface -c SoCKit_top
quartus_sta ik_swift_interface -c SoCKit_top
quartus_eda --read_settings_files=off --write_settings_files=off ik_swift_interface -c SoCKit_top



